bandwidth= 20
num_units= 5
margin= 0
diff_threshold= 0.05
size_threshold= 0
acceptable_diff_of_color_value= 1
arg= vertical.jpg
format=JPEG
width=760, height=21472
orientation= vertical
unit_width= 4278
bgcolor= (255, 255, 255)

i=0, num_units=5
(x0, y0)= (0, 0)
(x1, y1)= (0, 4298)
find_bgcolor_band(bgcolor=(255, 255, 255), orientation=vertical, bandwidth=20, x1=0, y1=4298, diff_threshold=0.050000, is_fuzzy=False)
cutting point= (0, 4375)
crop: x0=0, y0=0, width=760, y1=4375
save: vertical.1.jpg

i=1, num_units=5
(x0, y0)= (0, 4375)
(x1, y1)= (0, 8653)
find_bgcolor_band(bgcolor=(255, 255, 255), orientation=vertical, bandwidth=20, x1=0, y1=8653, diff_threshold=0.050000, is_fuzzy=False)
cutting point= (0, 8851)
crop: x0=0, y0=4375, width=760, y1=8851
save: vertical.2.jpg

i=2, num_units=5
(x0, y0)= (0, 8851)
(x1, y1)= (0, 13129)
find_bgcolor_band(bgcolor=(255, 255, 255), orientation=vertical, bandwidth=20, x1=0, y1=13129, diff_threshold=0.050000, is_fuzzy=False)
cutting point= (0, 13341)
crop: x0=0, y0=8851, width=760, y1=13341
save: vertical.3.jpg

i=3, num_units=5
(x0, y0)= (0, 13341)
(x1, y1)= (0, 17619)
find_bgcolor_band(bgcolor=(255, 255, 255), orientation=vertical, bandwidth=20, x1=0, y1=17619, diff_threshold=0.050000, is_fuzzy=False)
cutting point= (0, 17789)
crop: x0=0, y0=13341, width=760, y1=17789
save: vertical.4.jpg
Checking if final piece is needed...
Creating final piece...
crop: x0=0, y0=17789, width=760, height=21472
save: vertical.5.jpg
Total units created: 5
